
Registered Bundles in Loading Order
===================================

 ------------------ ----------------------------------------- 
  Bundle Name        Contao Resources Path                    
 ------------------ ----------------------------------------- 
  ContaoCoreBundle   contao/core-bundle/src/Resources/contao  
  ContaoNewsBundle   contao/news-bundle/src/Resources/contao  
 ------------------ ----------------------------------------- 

