
Contao Manager Plugins
======================

 ------------------------------------------------ ---------------------------- -------- --------- -------- ----------- ----------- ----- 
  Plugin Class                                     Composer Package             Features / Plugin Interfaces                             
 ------------------------------------------------ ---------------------------- -------- --------- -------- ----------- ----------- ----- 
                                                                                Bundle   Routing   Config   Extension   Dependent   API  
 ------------------------------------------------ ---------------------------- -------- --------- -------- ----------- ----------- ----- 
  Contao\CoreBundle\ContaoManager\Plugin           contao/core-bundle           ✔        ✔                                               
  Contao\CalendarBundle\ContaoManager\Plugin       contao/calendar-bundle       ✔                                                        
  Contao\CommentsBundle\ContaoManager\Plugin       contao/comments-bundle       ✔                                                        
  Contao\FaqBundle\ContaoManager\Plugin            contao/faq-bundle            ✔                                                        
  Contao\InstallationBundle\ContaoManager\Plugin   contao/installation-bundle   ✔        ✔                                               
  Contao\ListingBundle\ContaoManager\Plugin        contao/listing-bundle        ✔                                                        
  Contao\NewsBundle\ContaoManager\Plugin           contao/news-bundle           ✔                                                        
  Contao\NewsletterBundle\ContaoManager\Plugin     contao/newsletter-bundle     ✔                                                        
  Contao\ManagerBundle\ContaoManager\Plugin        contao/manager-bundle        ✔        ✔         ✔        ✔           ✔           ✔    
 ------------------------------------------------ ---------------------------- -------- --------- -------- ----------- ----------- ----- 

