
Contao Manager Plugins
======================

 ---------------------------------------------------------- ------------------ -------- --------- -------- ----------- ----------- ----- 
  Plugin Class                                               Composer Package   Features / Plugin Interfaces                             
 ---------------------------------------------------------- ------------------ -------- --------- -------- ----------- ----------- ----- 
                                                                                Bundle   Routing   Config   Extension   Dependent   API  
 ---------------------------------------------------------- ------------------ -------- --------- -------- ----------- ----------- ----- 
  Contao\ManagerBundle\Tests\Fixtures\ContaoManager\Plugin   foo/bar-bundle                                 âœ”                            
 ---------------------------------------------------------- ------------------ -------- --------- -------- ----------- ----------- ----- 

